127.0.0.1 - - [31/Aug/2023:09:26:00 +0900] "GET / HTTP/1.1" 404 807
127.0.0.1 - - [31/Aug/2023:09:26:02 +0900] "GET /team/Mindex.jsp HTTP/1.1" 200 555
127.0.0.1 - - [31/Aug/2023:09:26:02 +0900] "GET /team/css/home.css HTTP/1.1" 200 721
127.0.0.1 - - [31/Aug/2023:09:26:02 +0900] "GET /favicon.ico HTTP/1.1" 404 818
127.0.0.1 - - [31/Aug/2023:09:26:03 +0900] "GET /team/user_register.html HTTP/1.1" 200 2410
127.0.0.1 - - [31/Aug/2023:09:26:03 +0900] "GET /team/css/default.css HTTP/1.1" 200 409
127.0.0.1 - - [31/Aug/2023:09:26:26 +0900] "POST /team/user_register_action.jsp HTTP/1.1" 302 -
127.0.0.1 - - [31/Aug/2023:09:26:26 +0900] "GET /team/Mindex.jsp HTTP/1.1" 200 555
127.0.0.1 - - [31/Aug/2023:09:26:26 +0900] "GET /team/css/home.css HTTP/1.1" 304 -
127.0.0.1 - - [31/Aug/2023:09:26:27 +0900] "GET /team/user_register.html HTTP/1.1" 304 -
127.0.0.1 - - [31/Aug/2023:09:26:27 +0900] "GET /team/css/default.css HTTP/1.1" 304 -
127.0.0.1 - - [31/Aug/2023:09:26:28 +0900] "POST /team/user_register_action.jsp HTTP/1.1" 500 6508
127.0.0.1 - - [31/Aug/2023:09:27:06 +0900] "GET /team/Mindex.jsp HTTP/1.1" 200 555
127.0.0.1 - - [31/Aug/2023:09:27:06 +0900] "GET /team/css/home.css HTTP/1.1" 304 -
127.0.0.1 - - [31/Aug/2023:09:27:06 +0900] "GET /favicon.ico HTTP/1.1" 404 818
127.0.0.1 - - [31/Aug/2023:09:27:07 +0900] "GET /team/MList.jsp HTTP/1.1" 200 3207
127.0.0.1 - - [31/Aug/2023:09:27:07 +0900] "GET /team/css/default.css HTTP/1.1" 304 -
127.0.0.1 - - [31/Aug/2023:09:27:09 +0900] "GET /team/updateMForm.jsp?order_code=G001 HTTP/1.1" 200 1402
127.0.0.1 - - [31/Aug/2023:09:29:14 +0900] "GET / HTTP/1.1" 404 807
127.0.0.1 - - [31/Aug/2023:09:29:14 +0900] "GET /team/Mindex.jsp HTTP/1.1" 200 555
127.0.0.1 - - [31/Aug/2023:09:29:14 +0900] "GET /team/css/home.css HTTP/1.1" 304 -
127.0.0.1 - - [31/Aug/2023:09:29:14 +0900] "GET /favicon.ico HTTP/1.1" 404 818
127.0.0.1 - - [31/Aug/2023:09:29:19 +0900] "GET /team/MList.jsp HTTP/1.1" 200 3207
127.0.0.1 - - [31/Aug/2023:09:29:19 +0900] "GET /team/css/default.css HTTP/1.1" 304 -
127.0.0.1 - - [31/Aug/2023:09:29:20 +0900] "GET /team/updateMForm.jsp?order_code=G004 HTTP/1.1" 200 1403
127.0.0.1 - - [31/Aug/2023:09:44:49 +0900] "GET /team/goods_list.jsp HTTP/1.1" 200 4180
127.0.0.1 - - [31/Aug/2023:09:44:49 +0900] "GET /team/css/home.css HTTP/1.1" 304 -
127.0.0.1 - - [31/Aug/2023:09:44:49 +0900] "GET /team/css/default.css HTTP/1.1" 304 -
127.0.0.1 - - [31/Aug/2023:09:44:49 +0900] "GET /favicon.ico HTTP/1.1" 404 818
127.0.0.1 - - [31/Aug/2023:09:44:51 +0900] "POST /team/goods.jsp?goods_code=P001 HTTP/1.1" 200 1432
127.0.0.1 - - [31/Aug/2023:09:44:52 +0900] "POST /team/M_register.jsp?goods_code=P001 HTTP/1.1" 200 2065
127.0.0.1 - - [31/Aug/2023:09:45:09 +0900] "GET /team/goods_list.jsp HTTP/1.1" 200 4180
127.0.0.1 - - [31/Aug/2023:09:45:09 +0900] "GET /favicon.ico HTTP/1.1" 404 818
127.0.0.1 - - [31/Aug/2023:09:45:10 +0900] "POST /team/goods.jsp?goods_code=P001 HTTP/1.1" 200 1432
127.0.0.1 - - [31/Aug/2023:09:45:11 +0900] "POST /team/M_register.jsp?goods_code=P001 HTTP/1.1" 200 2065
127.0.0.1 - - [31/Aug/2023:09:45:30 +0900] "GET /team/M_action.jsp?order_code=G016&id=bbb222&goods_code=P001&goods_cnt=2 HTTP/1.1" 302 -
127.0.0.1 - - [31/Aug/2023:09:45:30 +0900] "GET /team/Mindex.jsp HTTP/1.1" 200 555
127.0.0.1 - - [31/Aug/2023:09:45:52 +0900] "GET /team/MList.jsp HTTP/1.1" 200 3436
127.0.0.1 - - [31/Aug/2023:09:45:52 +0900] "GET /favicon.ico HTTP/1.1" 404 818
127.0.0.1 - - [31/Aug/2023:09:46:00 +0900] "GET /team/deleteM_action.jsp?order_code=G016 HTTP/1.1" 200 8
127.0.0.1 - - [31/Aug/2023:09:46:43 +0900] "GET /team/Mindex.jsp HTTP/1.1" 200 555
127.0.0.1 - - [31/Aug/2023:09:46:43 +0900] "GET /favicon.ico HTTP/1.1" 404 818
127.0.0.1 - - [31/Aug/2023:09:46:44 +0900] "GET /team/MList.jsp HTTP/1.1" 200 3207
127.0.0.1 - - [31/Aug/2023:10:18:29 +0900] "GET / HTTP/1.1" 404 807
127.0.0.1 - - [31/Aug/2023:10:18:30 +0900] "GET /prj0830/%EB%9D%BC%EC%9D%B4%EB%B8%8C%EB%9F%AC%EB%A6%AC%EC%82%AC%EC%9A%A9%ED%95%98%EA%B8%B0/Jh%EB%9D%BC%EC%9D%B4%EB%B8%8C%EB%9F%AC%EB%A6%AC%EC%82%AC%EC%9A%A9%ED%95%98%EA%B8%B0.jsp HTTP/1.1" 200 134
127.0.0.1 - - [31/Aug/2023:10:18:30 +0900] "GET /favicon.ico HTTP/1.1" 404 818
127.0.0.1 - - [31/Aug/2023:10:35:16 +0900] "GET / HTTP/1.1" 404 807
0:0:0:0:0:0:0:1 - - [31/Aug/2023:10:35:16 +0900] "GET /prj0831/hi HTTP/1.1" 200 12
0:0:0:0:0:0:0:1 - - [31/Aug/2023:10:35:17 +0900] "GET /favicon.ico HTTP/1.1" 404 818
127.0.0.1 - - [31/Aug/2023:10:43:59 +0900] "GET / HTTP/1.1" 404 807
0:0:0:0:0:0:0:1 - - [31/Aug/2023:10:44:00 +0900] "GET /prj0831/hi2 HTTP/1.1" 200 69
0:0:0:0:0:0:0:1 - - [31/Aug/2023:10:44:00 +0900] "GET /favicon.ico HTTP/1.1" 404 818
0:0:0:0:0:0:0:1 - - [31/Aug/2023:10:44:11 +0900] "GET /prj0831/hi2?name=%EC%9D%B4%EC%A0%95%ED%9B%88 HTTP/1.1" 200 74
127.0.0.1 - - [31/Aug/2023:11:35:34 +0900] "GET / HTTP/1.1" 404 807
0:0:0:0:0:0:0:1 - - [31/Aug/2023:11:35:35 +0900] "GET /prj0831/himvc HTTP/1.1" 200 151
0:0:0:0:0:0:0:1 - - [31/Aug/2023:11:35:35 +0900] "GET /favicon.ico HTTP/1.1" 404 818
127.0.0.1 - - [31/Aug/2023:11:58:41 +0900] "GET / HTTP/1.1" 404 807
0:0:0:0:0:0:0:1 - - [31/Aug/2023:11:58:42 +0900] "GET /prj0831/WEB-INF/views/login.jsp HTTP/1.1" 404 721
0:0:0:0:0:0:0:1 - - [31/Aug/2023:11:58:57 +0900] "GET /prj0831/himvc HTTP/1.1" 200 151
0:0:0:0:0:0:0:1 - - [31/Aug/2023:11:59:04 +0900] "GET /prj0831/login HTTP/1.1" 200 538
0:0:0:0:0:0:0:1 - - [31/Aug/2023:11:59:43 +0900] "GET /prj0831/login HTTP/1.1" 200 538
127.0.0.1 - - [31/Aug/2023:12:14:53 +0900] "GET / HTTP/1.1" 404 807
0:0:0:0:0:0:0:1 - - [31/Aug/2023:12:14:54 +0900] "GET /prj0831/login HTTP/1.1" 200 538
127.0.0.1 - - [31/Aug/2023:12:25:03 +0900] "GET / HTTP/1.1" 404 807
0:0:0:0:0:0:0:1 - - [31/Aug/2023:12:25:04 +0900] "GET /prj0831/login HTTP/1.1" 200 629
0:0:0:0:0:0:0:1 - - [31/Aug/2023:12:25:04 +0900] "GET /favicon.ico HTTP/1.1" 404 818
127.0.0.1 - - [31/Aug/2023:12:26:02 +0900] "GET / HTTP/1.1" 404 807
0:0:0:0:0:0:0:1 - - [31/Aug/2023:12:26:03 +0900] "GET /prj0831/login HTTP/1.1" 200 631
0:0:0:0:0:0:0:1 - - [31/Aug/2023:12:26:06 +0900] "POST /prj0831/login HTTP/1.1" 200 -
127.0.0.1 - - [31/Aug/2023:12:35:29 +0900] "GET / HTTP/1.1" 404 807
0:0:0:0:0:0:0:1 - - [31/Aug/2023:12:35:29 +0900] "GET /prj0831/login HTTP/1.1" 200 631
0:0:0:0:0:0:0:1 - - [31/Aug/2023:12:35:30 +0900] "GET /favicon.ico HTTP/1.1" 404 818
0:0:0:0:0:0:0:1 - - [31/Aug/2023:12:35:34 +0900] "POST /prj0831/login HTTP/1.1" 404 822
0:0:0:0:0:0:0:1 - - [31/Aug/2023:12:36:05 +0900] "GET /prj0831/login HTTP/1.1" 200 631
0:0:0:0:0:0:0:1 - - [31/Aug/2023:12:36:06 +0900] "GET /favicon.ico HTTP/1.1" 404 818
0:0:0:0:0:0:0:1 - - [31/Aug/2023:12:36:20 +0900] "POST /prj0831/login HTTP/1.1" 404 822
127.0.0.1 - - [31/Aug/2023:12:36:53 +0900] "GET / HTTP/1.1" 404 807
0:0:0:0:0:0:0:1 - - [31/Aug/2023:12:36:54 +0900] "GET /prj0831/login HTTP/1.1" 200 631
0:0:0:0:0:0:0:1 - - [31/Aug/2023:12:36:54 +0900] "GET /favicon.ico HTTP/1.1" 404 818
0:0:0:0:0:0:0:1 - - [31/Aug/2023:12:36:57 +0900] "POST /prj0831/login HTTP/1.1" 200 631
0:0:0:0:0:0:0:1 - - [31/Aug/2023:14:04:47 +0900] "GET /prj0831/login HTTP/1.1" 200 631
0:0:0:0:0:0:0:1 - - [31/Aug/2023:14:04:47 +0900] "GET /favicon.ico HTTP/1.1" 404 818
0:0:0:0:0:0:0:1 - - [31/Aug/2023:14:04:54 +0900] "POST /prj0831/login HTTP/1.1" 200 631
127.0.0.1 - - [31/Aug/2023:14:05:15 +0900] "GET / HTTP/1.1" 404 807
0:0:0:0:0:0:0:1 - - [31/Aug/2023:14:05:15 +0900] "GET /prj0831/test HTTP/1.1" 200 -
127.0.0.1 - - [31/Aug/2023:14:14:34 +0900] "GET / HTTP/1.1" 404 807
0:0:0:0:0:0:0:1 - - [31/Aug/2023:14:14:34 +0900] "GET /prj0831/mvc1 HTTP/1.1" 404 853
127.0.0.1 - - [31/Aug/2023:14:14:54 +0900] "GET / HTTP/1.1" 404 807
0:0:0:0:0:0:0:1 - - [31/Aug/2023:14:14:55 +0900] "GET /prj0831/mvc1 HTTP/1.1" 200 160
127.0.0.1 - - [31/Aug/2023:14:24:50 +0900] "GET / HTTP/1.1" 404 807
0:0:0:0:0:0:0:1 - - [31/Aug/2023:14:24:51 +0900] "GET /prj0831/mvc1 HTTP/1.1" 200 166
0:0:0:0:0:0:0:1 - - [31/Aug/2023:14:24:59 +0900] "GET /prj0831/mvc1 HTTP/1.1" 200 166
0:0:0:0:0:0:0:1 - - [31/Aug/2023:14:25:41 +0900] "GET /prj0831/mvc1 HTTP/1.1" 200 166
127.0.0.1 - - [31/Aug/2023:14:31:03 +0900] "GET / HTTP/1.1" 404 807
0:0:0:0:0:0:0:1 - - [31/Aug/2023:14:31:04 +0900] "GET /prj0831/mvc2 HTTP/1.1" 200 137
127.0.0.1 - - [31/Aug/2023:14:33:27 +0900] "GET / HTTP/1.1" 404 807
0:0:0:0:0:0:0:1 - - [31/Aug/2023:14:33:28 +0900] "GET /prj0831/mvc1 HTTP/1.1" 200 177
127.0.0.1 - - [31/Aug/2023:14:37:50 +0900] "GET /prj0831/WEB-INF/views/mvc2.jsp HTTP/1.1" 404 721
127.0.0.1 - - [31/Aug/2023:14:37:51 +0900] "GET / HTTP/1.1" 404 807
127.0.0.1 - - [31/Aug/2023:14:37:59 +0900] "GET /prj0831/mvc2 HTTP/1.1" 200 152
127.0.0.1 - - [31/Aug/2023:14:53:19 +0900] "GET / HTTP/1.1" 404 807
0:0:0:0:0:0:0:1 - - [31/Aug/2023:14:53:21 +0900] "GET /prj0831/mvc3 HTTP/1.1" 200 207
127.0.0.1 - - [31/Aug/2023:15:18:51 +0900] "GET / HTTP/1.1" 404 807
0:0:0:0:0:0:0:1 - - [31/Aug/2023:15:18:51 +0900] "GET /prj0831/servlet/prj0831.MVCServlet4 HTTP/1.1" 404 850
127.0.0.1 - - [31/Aug/2023:15:19:31 +0900] "GET / HTTP/1.1" 404 807
0:0:0:0:0:0:0:1 - - [31/Aug/2023:15:19:31 +0900] "GET /prj0831/servlet/prj0831.MVCServlet4 HTTP/1.1" 404 850
0:0:0:0:0:0:0:1 - - [31/Aug/2023:15:19:42 +0900] "GET /prj0831/servlet/prj0831.MVCServlet4 HTTP/1.1" 404 850
127.0.0.1 - - [31/Aug/2023:15:20:13 +0900] "GET / HTTP/1.1" 404 807
0:0:0:0:0:0:0:1 - - [31/Aug/2023:15:20:14 +0900] "GET /prj0831/movies HTTP/1.1" 200 206
127.0.0.1 - - [31/Aug/2023:15:48:45 +0900] "GET / HTTP/1.1" 404 807
0:0:0:0:0:0:0:1 - - [31/Aug/2023:15:48:45 +0900] "GET /prj0831/members HTTP/1.1" 500 1490
127.0.0.1 - - [31/Aug/2023:15:51:08 +0900] "GET / HTTP/1.1" 404 807
0:0:0:0:0:0:0:1 - - [31/Aug/2023:15:51:08 +0900] "GET /prj0831/members HTTP/1.1" 500 1490
127.0.0.1 - - [31/Aug/2023:15:52:10 +0900] "GET / HTTP/1.1" 404 807
0:0:0:0:0:0:0:1 - - [31/Aug/2023:15:52:11 +0900] "GET /prj0831/members HTTP/1.1" 200 314
127.0.0.1 - - [31/Aug/2023:15:53:52 +0900] "GET / HTTP/1.1" 404 807
0:0:0:0:0:0:0:1 - - [31/Aug/2023:15:53:53 +0900] "GET /prj0831/members HTTP/1.1" 200 376
127.0.0.1 - - [31/Aug/2023:16:52:48 +0900] "GET / HTTP/1.1" 404 807
0:0:0:0:0:0:0:1 - - [31/Aug/2023:16:52:49 +0900] "GET /prj0831/bucket HTTP/1.1" 500 1491
127.0.0.1 - - [31/Aug/2023:16:54:09 +0900] "GET / HTTP/1.1" 404 807
0:0:0:0:0:0:0:1 - - [31/Aug/2023:16:54:10 +0900] "GET /prj0831/bucket HTTP/1.1" 200 171
127.0.0.1 - - [31/Aug/2023:16:59:12 +0900] "GET / HTTP/1.1" 404 807
0:0:0:0:0:0:0:1 - - [31/Aug/2023:16:59:13 +0900] "GET /prj0831/bucket HTTP/1.1" 500 3141
127.0.0.1 - - [31/Aug/2023:17:08:39 +0900] "GET / HTTP/1.1" 404 807
0:0:0:0:0:0:0:1 - - [31/Aug/2023:17:08:39 +0900] "GET /prj0831/bucket HTTP/1.1" 500 3131
127.0.0.1 - - [31/Aug/2023:17:09:56 +0900] "GET / HTTP/1.1" 404 807
0:0:0:0:0:0:0:1 - - [31/Aug/2023:17:09:56 +0900] "GET /prj0831/members HTTP/1.1" 200 376
127.0.0.1 - - [31/Aug/2023:17:12:23 +0900] "GET / HTTP/1.1" 404 807
0:0:0:0:0:0:0:1 - - [31/Aug/2023:17:12:24 +0900] "GET /prj0831/bucket HTTP/1.1" 200 289
127.0.0.1 - - [31/Aug/2023:17:14:02 +0900] "GET / HTTP/1.1" 404 807
0:0:0:0:0:0:0:1 - - [31/Aug/2023:17:14:03 +0900] "GET /prj0831/bucket HTTP/1.1" 200 424
127.0.0.1 - - [31/Aug/2023:17:14:51 +0900] "GET / HTTP/1.1" 404 807
0:0:0:0:0:0:0:1 - - [31/Aug/2023:17:14:52 +0900] "GET /prj0831/bucket HTTP/1.1" 200 479
127.0.0.1 - - [31/Aug/2023:17:15:17 +0900] "GET / HTTP/1.1" 404 807
0:0:0:0:0:0:0:1 - - [31/Aug/2023:17:15:18 +0900] "GET /prj0831/bucket HTTP/1.1" 200 479
127.0.0.1 - - [31/Aug/2023:17:15:47 +0900] "GET / HTTP/1.1" 404 807
0:0:0:0:0:0:0:1 - - [31/Aug/2023:17:15:48 +0900] "GET /prj0831/bucket HTTP/1.1" 200 449
127.0.0.1 - - [31/Aug/2023:17:38:40 +0900] "GET / HTTP/1.1" 404 807
0:0:0:0:0:0:0:1 - - [31/Aug/2023:17:38:41 +0900] "GET /prj0831/movieinfo HTTP/1.1" 200 -
0:0:0:0:0:0:0:1 - - [31/Aug/2023:17:39:00 +0900] "GET /prj0831/movieinfo HTTP/1.1" 200 570
