127.0.0.1 - - [08/Sep/2023:09:31:07 +0900] "GET / HTTP/1.1" 404 807
0:0:0:0:0:0:0:1 - - [08/Sep/2023:09:31:08 +0900] "GET /ELprj0908/WEB-INF/views/acorn2.jsp HTTP/1.1" 404 721
0:0:0:0:0:0:0:1 - - [08/Sep/2023:09:31:08 +0900] "GET /favicon.ico HTTP/1.1" 404 818
127.0.0.1 - - [08/Sep/2023:09:32:22 +0900] "GET / HTTP/1.1" 404 807
0:0:0:0:0:0:0:1 - - [08/Sep/2023:09:32:23 +0900] "GET /ELprj0908/WEB-INF/views/acorn2.jsp HTTP/1.1" 404 721
0:0:0:0:0:0:0:1 - - [08/Sep/2023:09:32:23 +0900] "GET /favicon.ico HTTP/1.1" 404 818
0:0:0:0:0:0:0:1 - - [08/Sep/2023:09:32:30 +0900] "GET /ELprj0908/WEB-INF/views/acorn2.jsp HTTP/1.1" 404 721
0:0:0:0:0:0:0:1 - - [08/Sep/2023:09:32:30 +0900] "GET /favicon.ico HTTP/1.1" 404 818
0:0:0:0:0:0:0:1 - - [08/Sep/2023:09:33:20 +0900] "GET /ELprj0908/WEB-INF/views/acorn.jsp HTTP/1.1" 404 721
0:0:0:0:0:0:0:1 - - [08/Sep/2023:09:33:20 +0900] "GET /favicon.ico HTTP/1.1" 404 818
0:0:0:0:0:0:0:1 - - [08/Sep/2023:09:35:00 +0900] "GET /ELprj0908/acorn HTTP/1.1" 200 802
0:0:0:0:0:0:0:1 - - [08/Sep/2023:09:35:00 +0900] "GET /favicon.ico HTTP/1.1" 404 818
127.0.0.1 - - [08/Sep/2023:09:47:22 +0900] "GET / HTTP/1.1" 404 807
0:0:0:0:0:0:0:1 - - [08/Sep/2023:09:47:23 +0900] "GET /ELprj0908/el1 HTTP/1.1" 200 225
0:0:0:0:0:0:0:1 - - [08/Sep/2023:09:47:23 +0900] "GET /favicon.ico HTTP/1.1" 404 818
127.0.0.1 - - [08/Sep/2023:10:09:20 +0900] "GET / HTTP/1.1" 404 807
0:0:0:0:0:0:0:1 - - [08/Sep/2023:10:09:21 +0900] "GET /ELprj0908/el1 HTTP/1.1" 200 405
0:0:0:0:0:0:0:1 - - [08/Sep/2023:10:09:21 +0900] "GET /favicon.ico HTTP/1.1" 404 818
127.0.0.1 - - [08/Sep/2023:10:26:13 +0900] "GET / HTTP/1.1" 404 807
0:0:0:0:0:0:0:1 - - [08/Sep/2023:10:26:14 +0900] "GET /ELprj0908/el2 HTTP/1.1" 200 1005
0:0:0:0:0:0:0:1 - - [08/Sep/2023:10:26:14 +0900] "GET /favicon.ico HTTP/1.1" 404 818
127.0.0.1 - - [08/Sep/2023:10:28:21 +0900] "GET / HTTP/1.1" 404 807
0:0:0:0:0:0:0:1 - - [08/Sep/2023:10:28:22 +0900] "GET /ELprj0908/el2 HTTP/1.1" 200 1118
0:0:0:0:0:0:0:1 - - [08/Sep/2023:10:28:22 +0900] "GET /favicon.ico HTTP/1.1" 404 818
127.0.0.1 - - [08/Sep/2023:10:40:16 +0900] "GET / HTTP/1.1" 404 807
0:0:0:0:0:0:0:1 - - [08/Sep/2023:10:40:16 +0900] "GET /ELprj0908/el3 HTTP/1.1" 200 1118
0:0:0:0:0:0:0:1 - - [08/Sep/2023:10:40:16 +0900] "GET /favicon.ico HTTP/1.1" 404 818
127.0.0.1 - - [08/Sep/2023:10:40:32 +0900] "GET / HTTP/1.1" 404 807
0:0:0:0:0:0:0:1 - - [08/Sep/2023:10:40:34 +0900] "GET /ELprj0908/el3 HTTP/1.1" 200 450
0:0:0:0:0:0:0:1 - - [08/Sep/2023:10:40:34 +0900] "GET /favicon.ico HTTP/1.1" 404 818
127.0.0.1 - - [08/Sep/2023:10:46:30 +0900] "GET / HTTP/1.1" 404 807
0:0:0:0:0:0:0:1 - - [08/Sep/2023:10:46:32 +0900] "GET /ELprj0908/el4 HTTP/1.1" 200 596
0:0:0:0:0:0:0:1 - - [08/Sep/2023:10:46:32 +0900] "GET /favicon.ico HTTP/1.1" 404 818
0:0:0:0:0:0:0:1 - - [08/Sep/2023:10:46:38 +0900] "GET /ELprj0908/el4 HTTP/1.1" 200 596
0:0:0:0:0:0:0:1 - - [08/Sep/2023:10:46:38 +0900] "GET /favicon.ico HTTP/1.1" 404 818
0:0:0:0:0:0:0:1 - - [08/Sep/2023:10:46:53 +0900] "GET /ELprj0908/el4 HTTP/1.1" 200 596
0:0:0:0:0:0:0:1 - - [08/Sep/2023:10:46:53 +0900] "GET /favicon.ico HTTP/1.1" 404 818
127.0.0.1 - - [08/Sep/2023:10:47:01 +0900] "GET / HTTP/1.1" 404 807
0:0:0:0:0:0:0:1 - - [08/Sep/2023:10:47:02 +0900] "GET /ELprj0908/el4 HTTP/1.1" 200 859
0:0:0:0:0:0:0:1 - - [08/Sep/2023:10:47:02 +0900] "GET /favicon.ico HTTP/1.1" 404 818
0:0:0:0:0:0:0:1 - - [08/Sep/2023:10:47:27 +0900] "GET /ELprj0908/el4?id=test01&pw=1234 HTTP/1.1" 200 974
127.0.0.1 - - [08/Sep/2023:11:06:03 +0900] "GET / HTTP/1.1" 404 807
0:0:0:0:0:0:0:1 - - [08/Sep/2023:11:06:04 +0900] "GET /ELprj0908/el5 HTTP/1.1" 200 402
0:0:0:0:0:0:0:1 - - [08/Sep/2023:11:06:04 +0900] "GET /favicon.ico HTTP/1.1" 404 818
127.0.0.1 - - [08/Sep/2023:11:07:19 +0900] "GET / HTTP/1.1" 404 807
0:0:0:0:0:0:0:1 - - [08/Sep/2023:11:07:20 +0900] "GET /ELprj0908/el5 HTTP/1.1" 200 428
127.0.0.1 - - [08/Sep/2023:11:08:26 +0900] "GET / HTTP/1.1" 404 807
0:0:0:0:0:0:0:1 - - [08/Sep/2023:11:08:27 +0900] "GET /ELprj0908/el5 HTTP/1.1" 200 486
127.0.0.1 - - [08/Sep/2023:11:19:51 +0900] "GET / HTTP/1.1" 404 807
0:0:0:0:0:0:0:1 - - [08/Sep/2023:11:19:52 +0900] "GET /ELprj0908/jstl1 HTTP/1.1" 200 537
127.0.0.1 - - [08/Sep/2023:11:22:32 +0900] "GET / HTTP/1.1" 404 807
0:0:0:0:0:0:0:1 - - [08/Sep/2023:11:22:33 +0900] "GET /ELprj0908/jstl1 HTTP/1.1" 200 685
0:0:0:0:0:0:0:1 - - [08/Sep/2023:11:22:33 +0900] "GET /ELprj0908/jstl1 HTTP/1.1" 200 685
127.0.0.1 - - [08/Sep/2023:11:41:16 +0900] "GET / HTTP/1.1" 404 807
0:0:0:0:0:0:0:1 - - [08/Sep/2023:11:41:17 +0900] "GET /ELprj0908/jstl3 HTTP/1.1" 200 186
127.0.0.1 - - [08/Sep/2023:11:43:51 +0900] "GET / HTTP/1.1" 404 807
0:0:0:0:0:0:0:1 - - [08/Sep/2023:11:43:52 +0900] "GET /ELprj0908/jstl3 HTTP/1.1" 200 232
127.0.0.1 - - [08/Sep/2023:12:06:34 +0900] "GET / HTTP/1.1" 404 807
0:0:0:0:0:0:0:1 - - [08/Sep/2023:12:06:35 +0900] "GET /ELprj0908/jstl4 HTTP/1.1" 200 161
127.0.0.1 - - [08/Sep/2023:12:08:47 +0900] "GET / HTTP/1.1" 404 807
0:0:0:0:0:0:0:1 - - [08/Sep/2023:12:08:48 +0900] "GET /ELprj0908/jstl4 HTTP/1.1" 200 243
127.0.0.1 - - [08/Sep/2023:12:14:14 +0900] "GET / HTTP/1.1" 404 807
0:0:0:0:0:0:0:1 - - [08/Sep/2023:12:14:15 +0900] "GET /ELprj0908/jstl4 HTTP/1.1" 200 384
127.0.0.1 - - [08/Sep/2023:12:14:44 +0900] "GET / HTTP/1.1" 404 807
0:0:0:0:0:0:0:1 - - [08/Sep/2023:12:14:45 +0900] "GET /ELprj0908/jstl4 HTTP/1.1" 200 385
127.0.0.1 - - [08/Sep/2023:12:16:56 +0900] "GET / HTTP/1.1" 404 807
0:0:0:0:0:0:0:1 - - [08/Sep/2023:12:16:57 +0900] "GET /ELprj0908/jstl4 HTTP/1.1" 200 399
127.0.0.1 - - [08/Sep/2023:12:20:22 +0900] "GET / HTTP/1.1" 404 807
0:0:0:0:0:0:0:1 - - [08/Sep/2023:12:20:23 +0900] "GET /ELprj0908/jstl4 HTTP/1.1" 200 430
0:0:0:0:0:0:0:1 - - [08/Sep/2023:12:22:59 +0900] "GET /ELprj0908/jstl4 HTTP/1.1" 200 430
127.0.0.1 - - [08/Sep/2023:12:39:29 +0900] "GET / HTTP/1.1" 404 807
0:0:0:0:0:0:0:1 - - [08/Sep/2023:12:39:29 +0900] "GET /ELprj0908/jstl5 HTTP/1.1" 500 1585
127.0.0.1 - - [08/Sep/2023:12:39:41 +0900] "GET / HTTP/1.1" 404 807
0:0:0:0:0:0:0:1 - - [08/Sep/2023:12:39:41 +0900] "GET /ELprj0908/jstl5 HTTP/1.1" 200 430
127.0.0.1 - - [08/Sep/2023:12:41:10 +0900] "GET / HTTP/1.1" 404 807
0:0:0:0:0:0:0:1 - - [08/Sep/2023:12:41:11 +0900] "GET /ELprj0908/jstl5 HTTP/1.1" 200 727
0:0:0:0:0:0:0:1 - - [08/Sep/2023:12:41:11 +0900] "GET /ELprj0908/img/bookb.jpg HTTP/1.1" 404 838
0:0:0:0:0:0:0:1 - - [08/Sep/2023:12:41:11 +0900] "GET /ELprj0908/img/bookc.jpg HTTP/1.1" 404 838
0:0:0:0:0:0:0:1 - - [08/Sep/2023:12:41:11 +0900] "GET /ELprj0908/img/bookm.jpg HTTP/1.1" 404 838
0:0:0:0:0:0:0:1 - - [08/Sep/2023:12:42:24 +0900] "GET /ELprj0908/jstl5 HTTP/1.1" 200 727
0:0:0:0:0:0:0:1 - - [08/Sep/2023:12:42:24 +0900] "GET /ELprj0908/img/bookb.jpg HTTP/1.1" 200 32363
0:0:0:0:0:0:0:1 - - [08/Sep/2023:12:42:24 +0900] "GET /ELprj0908/img/bookc.jpg HTTP/1.1" 200 40412
0:0:0:0:0:0:0:1 - - [08/Sep/2023:12:42:24 +0900] "GET /ELprj0908/img/bookm.jpg HTTP/1.1" 200 32663
127.0.0.1 - - [08/Sep/2023:12:47:18 +0900] "GET / HTTP/1.1" 404 807
0:0:0:0:0:0:0:1 - - [08/Sep/2023:12:47:19 +0900] "GET /ELprj0908/jstl6 HTTP/1.1" 200 286
127.0.0.1 - - [08/Sep/2023:12:47:58 +0900] "GET / HTTP/1.1" 404 807
0:0:0:0:0:0:0:1 - - [08/Sep/2023:12:47:59 +0900] "GET /ELprj0908/jstl7 HTTP/1.1" 200 342
127.0.0.1 - - [08/Sep/2023:14:17:05 +0900] "GET / HTTP/1.1" 404 807
0:0:0:0:0:0:0:1 - - [08/Sep/2023:14:17:05 +0900] "GET /ELprj0908/WEB-INF/views/el1.jsp HTTP/1.1" 404 721
0:0:0:0:0:0:0:1 - - [08/Sep/2023:14:17:14 +0900] "GET /ELprj0908/el1 HTTP/1.1" 404 824
0:0:0:0:0:0:0:1 - - [08/Sep/2023:14:17:19 +0900] "GET /ELprj0908/el1 HTTP/1.1" 404 824
0:0:0:0:0:0:0:1 - - [08/Sep/2023:14:17:40 +0900] "GET /ELprj0908/el1 HTTP/1.1" 404 824
0:0:0:0:0:0:0:1 - - [08/Sep/2023:14:17:52 +0900] "GET /ELprj0908/el2 HTTP/1.1" 200 1118
0:0:0:0:0:0:0:1 - - [08/Sep/2023:14:17:58 +0900] "GET /ELprj0908/el1 HTTP/1.1" 404 824
0:0:0:0:0:0:0:1 - - [08/Sep/2023:14:19:34 +0900] "GET /ELprj0908/el1 HTTP/1.1" 404 824
0:0:0:0:0:0:0:1 - - [08/Sep/2023:14:21:00 +0900] "GET /ELprj0908/el2 HTTP/1.1" 200 1118
127.0.0.1 - - [08/Sep/2023:14:25:32 +0900] "GET / HTTP/1.1" 404 807
0:0:0:0:0:0:0:1 - - [08/Sep/2023:14:25:33 +0900] "GET /ELprj0908/el3 HTTP/1.1" 200 709
127.0.0.1 - - [08/Sep/2023:14:26:51 +0900] "GET / HTTP/1.1" 404 807
0:0:0:0:0:0:0:1 - - [08/Sep/2023:14:26:51 +0900] "GET /ELprj0908/el4 HTTP/1.1" 200 956
0:0:0:0:0:0:0:1 - - [08/Sep/2023:14:28:26 +0900] "GET /ELprj0908/el4?%E3%85%87%E3%84%B9%E3%85%87%E3%84%B9 HTTP/1.1" 200 969
0:0:0:0:0:0:0:1 - - [08/Sep/2023:14:29:17 +0900] "GET /ELprj0908/el5 HTTP/1.1" 200 487
0:0:0:0:0:0:0:1 - - [08/Sep/2023:14:53:11 +0900] "GET /ELprj0908/jstl4 HTTP/1.1" 200 430
127.0.0.1 - - [08/Sep/2023:15:00:50 +0900] "GET / HTTP/1.1" 404 807
0:0:0:0:0:0:0:1 - - [08/Sep/2023:15:00:51 +0900] "GET /ELprj0908/0908qz1 HTTP/1.1" 200 128
127.0.0.1 - - [08/Sep/2023:15:01:51 +0900] "GET / HTTP/1.1" 404 807
0:0:0:0:0:0:0:1 - - [08/Sep/2023:15:01:52 +0900] "GET /ELprj0908/0908qz1 HTTP/1.1" 200 247
127.0.0.1 - - [08/Sep/2023:15:04:30 +0900] "GET / HTTP/1.1" 404 807
0:0:0:0:0:0:0:1 - - [08/Sep/2023:15:04:30 +0900] "GET /ELprj0908/0908qz2 HTTP/1.1" 500 3040
127.0.0.1 - - [08/Sep/2023:15:06:52 +0900] "GET / HTTP/1.1" 404 807
0:0:0:0:0:0:0:1 - - [08/Sep/2023:15:06:53 +0900] "GET /ELprj0908/0908qz2 HTTP/1.1" 200 155
127.0.0.1 - - [08/Sep/2023:15:09:13 +0900] "GET / HTTP/1.1" 404 807
0:0:0:0:0:0:0:1 - - [08/Sep/2023:15:09:14 +0900] "GET /ELprj0908/0908qz2 HTTP/1.1" 500 2828
127.0.0.1 - - [08/Sep/2023:15:09:53 +0900] "GET / HTTP/1.1" 404 807
0:0:0:0:0:0:0:1 - - [08/Sep/2023:15:09:54 +0900] "GET /ELprj0908/0908qz2 HTTP/1.1" 200 277
127.0.0.1 - - [08/Sep/2023:15:15:59 +0900] "GET / HTTP/1.1" 404 807
0:0:0:0:0:0:0:1 - - [08/Sep/2023:15:16:00 +0900] "GET /ELprj0908/0908qz3 HTTP/1.1" 200 242
127.0.0.1 - - [08/Sep/2023:15:16:59 +0900] "GET / HTTP/1.1" 404 807
0:0:0:0:0:0:0:1 - - [08/Sep/2023:15:17:00 +0900] "GET /ELprj0908/0908qz3 HTTP/1.1" 500 3281
127.0.0.1 - - [08/Sep/2023:15:17:16 +0900] "GET / HTTP/1.1" 404 807
0:0:0:0:0:0:0:1 - - [08/Sep/2023:15:17:17 +0900] "GET /ELprj0908/0908qz3 HTTP/1.1" 200 242
127.0.0.1 - - [08/Sep/2023:15:18:01 +0900] "GET / HTTP/1.1" 404 807
0:0:0:0:0:0:0:1 - - [08/Sep/2023:15:18:02 +0900] "GET /ELprj0908/0908qz3 HTTP/1.1" 200 212
0:0:0:0:0:0:0:1 - - [08/Sep/2023:15:18:52 +0900] "GET /ELprj0908/jstl3 HTTP/1.1" 200 232
127.0.0.1 - - [08/Sep/2023:15:19:30 +0900] "GET / HTTP/1.1" 404 807
0:0:0:0:0:0:0:1 - - [08/Sep/2023:15:19:31 +0900] "GET /ELprj0908/0908qz3 HTTP/1.1" 200 208
0:0:0:0:0:0:0:1 - - [08/Sep/2023:15:19:36 +0900] "GET /ELprj0908/0908qz3 HTTP/1.1" 200 208
127.0.0.1 - - [08/Sep/2023:15:20:23 +0900] "GET / HTTP/1.1" 404 807
0:0:0:0:0:0:0:1 - - [08/Sep/2023:15:20:24 +0900] "GET /ELprj0908/0908qz3 HTTP/1.1" 200 212
127.0.0.1 - - [08/Sep/2023:15:21:31 +0900] "GET / HTTP/1.1" 404 807
0:0:0:0:0:0:0:1 - - [08/Sep/2023:15:21:33 +0900] "GET /ELprj0908/0908qz3 HTTP/1.1" 200 210
127.0.0.1 - - [08/Sep/2023:15:30:39 +0900] "GET / HTTP/1.1" 404 807
0:0:0:0:0:0:0:1 - - [08/Sep/2023:15:30:40 +0900] "GET /ELprj0908/0908qz4 HTTP/1.1" 200 215
127.0.0.1 - - [08/Sep/2023:15:34:36 +0900] "GET / HTTP/1.1" 404 807
0:0:0:0:0:0:0:1 - - [08/Sep/2023:15:34:38 +0900] "GET /ELprj0908/0908qz5 HTTP/1.1" 200 144
127.0.0.1 - - [08/Sep/2023:15:35:09 +0900] "GET / HTTP/1.1" 404 807
0:0:0:0:0:0:0:1 - - [08/Sep/2023:15:35:09 +0900] "GET /ELprj0908/0908qz5 HTTP/1.1" 200 144
0:0:0:0:0:0:0:1 - - [08/Sep/2023:15:35:17 +0900] "GET /ELprj0908/0908qz5 HTTP/1.1" 200 144
127.0.0.1 - - [08/Sep/2023:15:36:10 +0900] "GET / HTTP/1.1" 404 807
0:0:0:0:0:0:0:1 - - [08/Sep/2023:15:36:11 +0900] "GET /ELprj0908/0908qz5 HTTP/1.1" 200 256
127.0.0.1 - - [08/Sep/2023:15:39:02 +0900] "GET / HTTP/1.1" 404 807
0:0:0:0:0:0:0:1 - - [08/Sep/2023:15:39:03 +0900] "GET /ELprj0908/0908qz6 HTTP/1.1" 200 429
127.0.0.1 - - [08/Sep/2023:15:41:44 +0900] "GET / HTTP/1.1" 404 807
0:0:0:0:0:0:0:1 - - [08/Sep/2023:15:41:44 +0900] "GET /ELprj0908/0908qz7 HTTP/1.1" 404 828
127.0.0.1 - - [08/Sep/2023:15:43:34 +0900] "GET / HTTP/1.1" 404 807
0:0:0:0:0:0:0:1 - - [08/Sep/2023:15:43:36 +0900] "GET /ELprj0908/0908qz7 HTTP/1.1" 200 2674
127.0.0.1 - - [08/Sep/2023:15:44:05 +0900] "GET / HTTP/1.1" 404 807
0:0:0:0:0:0:0:1 - - [08/Sep/2023:15:44:06 +0900] "GET /ELprj0908/0908qz7 HTTP/1.1" 200 2732
0:0:0:0:0:0:0:1 - - [08/Sep/2023:15:44:06 +0900] "GET /ELprj0908/0908qz7 HTTP/1.1" 200 2732
127.0.0.1 - - [08/Sep/2023:15:48:40 +0900] "GET / HTTP/1.1" 404 807
0:0:0:0:0:0:0:1 - - [08/Sep/2023:15:48:42 +0900] "GET /ELprj0908/0908qz8 HTTP/1.1" 200 236
127.0.0.1 - - [08/Sep/2023:15:49:17 +0900] "GET / HTTP/1.1" 404 807
0:0:0:0:0:0:0:1 - - [08/Sep/2023:15:49:19 +0900] "GET /ELprj0908/0908qz8 HTTP/1.1" 200 293
127.0.0.1 - - [08/Sep/2023:15:58:19 +0900] "GET / HTTP/1.1" 404 807
0:0:0:0:0:0:0:1 - - [08/Sep/2023:15:58:19 +0900] "GET /ELprj0908/jstl4 HTTP/1.1" 200 430
0:0:0:0:0:0:0:1 - - [08/Sep/2023:15:58:33 +0900] "GET /ELprj0908/jstl4?id=dffds HTTP/1.1" 200 430
127.0.0.1 - - [08/Sep/2023:16:09:57 +0900] "GET / HTTP/1.1" 404 807
0:0:0:0:0:0:0:1 - - [08/Sep/2023:16:09:58 +0900] "GET /ELprj0908/0908qz9 HTTP/1.1" 500 3032
127.0.0.1 - - [08/Sep/2023:16:11:57 +0900] "GET / HTTP/1.1" 404 807
0:0:0:0:0:0:0:1 - - [08/Sep/2023:16:11:58 +0900] "GET /ELprj0908/0908qz9 HTTP/1.1" 500 3034
0:0:0:0:0:0:0:1 - - [08/Sep/2023:16:12:07 +0900] "GET /ELprj0908/0908qz9?id=dd HTTP/1.1" 500 3034
127.0.0.1 - - [08/Sep/2023:16:14:03 +0900] "GET / HTTP/1.1" 404 807
0:0:0:0:0:0:0:1 - - [08/Sep/2023:16:14:05 +0900] "GET /ELprj0908/0908qz9 HTTP/1.1" 200 179
0:0:0:0:0:0:0:1 - - [08/Sep/2023:16:14:10 +0900] "GET /ELprj0908/0908qz9?id=dfdf HTTP/1.1" 200 179
0:0:0:0:0:0:0:1 - - [08/Sep/2023:16:14:15 +0900] "GET /ELprj0908/0908qz9? HTTP/1.1" 200 179
127.0.0.1 - - [08/Sep/2023:16:15:54 +0900] "GET / HTTP/1.1" 404 807
0:0:0:0:0:0:0:1 - - [08/Sep/2023:16:15:54 +0900] "GET /ELprj0908/0908qz9 HTTP/1.1" 200 179
127.0.0.1 - - [08/Sep/2023:16:17:17 +0900] "GET / HTTP/1.1" 404 807
0:0:0:0:0:0:0:1 - - [08/Sep/2023:16:17:18 +0900] "GET /ELprj0908/0908qz9 HTTP/1.1" 200 193
127.0.0.1 - - [08/Sep/2023:16:18:05 +0900] "GET / HTTP/1.1" 404 807
0:0:0:0:0:0:0:1 - - [08/Sep/2023:16:18:06 +0900] "GET /ELprj0908/0908qz9 HTTP/1.1" 200 193
0:0:0:0:0:0:0:1 - - [08/Sep/2023:16:18:20 +0900] "GET /ELprj0908/0908qz9 HTTP/1.1" 200 193
0:0:0:0:0:0:0:1 - - [08/Sep/2023:16:18:57 +0900] "GET /ELprj0908/0908qz9 HTTP/1.1" 200 193
0:0:0:0:0:0:0:1 - - [08/Sep/2023:16:19:08 +0900] "GET /ELprj0908/0908qz9?0908id=dsflj HTTP/1.1" 200 193
0:0:0:0:0:0:0:1 - - [08/Sep/2023:16:19:11 +0900] "GET /ELprj0908/0908qz9?0908id=dsflj HTTP/1.1" 200 193
127.0.0.1 - - [08/Sep/2023:16:20:49 +0900] "GET / HTTP/1.1" 404 807
0:0:0:0:0:0:0:1 - - [08/Sep/2023:16:20:50 +0900] "GET /ELprj0908/0908qz9 HTTP/1.1" 200 193
127.0.0.1 - - [08/Sep/2023:16:23:12 +0900] "GET / HTTP/1.1" 404 807
0:0:0:0:0:0:0:1 - - [08/Sep/2023:16:23:13 +0900] "GET /ELprj0908/0908qz9 HTTP/1.1" 200 199
0:0:0:0:0:0:0:1 - - [08/Sep/2023:16:24:09 +0900] "GET /ELprj0908/WEB-INF/views/qz9.jsp HTTP/1.1" 404 721
0:0:0:0:0:0:0:1 - - [08/Sep/2023:16:24:25 +0900] "GET /ELprj0908/0908qz9 HTTP/1.1" 200 199
0:0:0:0:0:0:0:1 - - [08/Sep/2023:16:25:22 +0900] "GET /ELprj0908/0908qz9 HTTP/1.1" 200 199
127.0.0.1 - - [08/Sep/2023:16:26:28 +0900] "GET / HTTP/1.1" 404 807
0:0:0:0:0:0:0:1 - - [08/Sep/2023:16:26:29 +0900] "GET /ELprj0908/0908qz9 HTTP/1.1" 200 199
127.0.0.1 - - [08/Sep/2023:16:29:02 +0900] "GET / HTTP/1.1" 404 807
0:0:0:0:0:0:0:1 - - [08/Sep/2023:16:29:03 +0900] "GET /ELprj0908/0908qz9 HTTP/1.1" 200 199
127.0.0.1 - - [08/Sep/2023:16:29:30 +0900] "GET / HTTP/1.1" 404 807
0:0:0:0:0:0:0:1 - - [08/Sep/2023:16:29:31 +0900] "GET /ELprj0908/0908qz9 HTTP/1.1" 200 199
127.0.0.1 - - [08/Sep/2023:16:31:06 +0900] "GET / HTTP/1.1" 404 807
0:0:0:0:0:0:0:1 - - [08/Sep/2023:16:31:07 +0900] "GET /ELprj0908/0908qz9 HTTP/1.1" 200 195
127.0.0.1 - - [08/Sep/2023:16:32:17 +0900] "GET / HTTP/1.1" 404 807
0:0:0:0:0:0:0:1 - - [08/Sep/2023:16:32:18 +0900] "GET /ELprj0908/0908qz9 HTTP/1.1" 200 182
0:0:0:0:0:0:0:1 - - [08/Sep/2023:16:35:31 +0900] "GET /ELprj0908/0908qz9 HTTP/1.1" 200 195
